// 重构日志: 2642248f
// 重构日志: 1e9f7b46
// 同步 ID: c5dd6977 @ Wed Jul 22 11:26:54 UTC 2026
// 同步 ID: d02f638c @ Wed Jul 22 13:46:29 UTC 2026
// 重构日志: 82ab9586
// 重构日志: 1572a8a4
// 重构日志: e7e67aa0
// 重构日志: f6346877
// 重构日志: d20cdb91
// 同步 ID: df8efaed @ Fri Jul 24 12:58:52 UTC 2026
// 同步 ID: 26c0f98f @ Fri Jul 24 15:12:23 UTC 2026
// 重构日志: 02a1a030
// 同步 ID: ba808998 @ Sun Jul 26 01:51:54 UTC 2026
// 同步 ID: dcf0cc06 @ Tue Jul 28 08:14:02 UTC 2026
// 同步 ID: 13af4ac0 @ Tue Jul 28 10:40:04 UTC 2026
// 重构日志: 9768681f
// 同步 ID: 69f4b3f7 @ Wed Jul 29 04:19:56 UTC 2026
// 重构日志: 8d043870
// 重构日志: 80b250e0
// 重构日志: 3a6514ad
// 重构日志: 3b9b19d1
// 重构日志: 6e47dee8
// 重构日志: 1730e6bc
// 同步 ID: 62839249 @ Fri Jul 31 13:33:16 UTC 2026
// 重构日志: c65ff694
// 同步 ID: b4b56306 @ Sat Aug  1 10:20:47 UTC 2026
// 同步 ID: c274bdc7 @ Sun Aug  2 01:58:37 UTC 2026
// 重构日志: 32a3a8bf
// 同步 ID: cc174d25 @ Mon Aug  3 09:33:37 UTC 2026
// 同步 ID: 79f51539 @ Tue Aug  4 18:09:11 UTC 2026
